// Jest Snapshot v1, https://goo.gl/fbAQLP

exports[`Marker component test Should match snapshot 1`] = `
<div
  className="marker__container"
>
  <MarkerCalloutPopup />
  <div
    className="pin bounce"
  >
    <div
      className="user__avatar"
    >
      <img
        alt="user__avatar"
        src="https://sun1-47.userapi.com/impg/c856124/v856124902/1fba84/39E3gZWT5qk.jpg?size=200x0&quality=90&crop=416,0,1334,1334&sign=8e096f2c133c95e3720669fa1b84b1f5&ava=1"
      />
    </div>
  </div>
  <div
    className="pulse"
  />
</div>
`;
