// Jest Snapshot v1, https://goo.gl/fbAQLP

exports[`Dumb modal component tests Should match snapshot 1`] = `
<div
  className="modal__container"
>
  <div
    className="modal__close__touching__zone"
  />
  <div
    className="modal__content"
  >
    <Content />
  </div>
</div>
`;

exports[`Testing connected to Redux Modal component Connected component should match snapshot 1`] = `
<ContextProvider
  value={null}
>
  <Modal
    hideModal={[Function]}
    modalContent={Array []}
    store={
      Object {
        "clearActions": [Function],
        "dispatch": [Function],
        "getActions": [Function],
        "getState": [Function],
        "replaceReducer": [Function],
        "subscribe": [Function],
      }
    }
  />
</ContextProvider>
`;
